GCCcore/13.3.0
zlib/1.3.1-GCCcore-13.3.0
binutils/2.42-GCCcore-13.3.0
bzip2/1.0.8-GCCcore-13.3.0
ncurses/6.5-GCCcore-13.3.0
libreadline/8.2-GCCcore-13.3.0
Tcl/8.6.14-GCCcore-13.3.0
SQLite/3.45.3-GCCcore-13.3.0
XZ/5.4.5-GCCcore-13.3.0
libffi/3.4.5-GCCcore-13.3.0
OpenSSL/3
Python/3.12.3-GCCcore-13.3.0
CUDA/12.6.0
GCC/13.3.0
numactl/2.0.18-GCCcore-13.3.0
libxml2/2.12.7-GCCcore-13.3.0
libpciaccess/0.18.1-GCCcore-13.3.0
hwloc/2.10.0-GCCcore-13.3.0
libevent/2.1.12-GCCcore-13.3.0
UCX/1.16.0-GCCcore-13.3.0
libfabric/1.21.0-GCCcore-13.3.0
PMIx/5.0.2-GCCcore-13.3.0
PRRTE/3.0.5-GCCcore-13.3.0
UCC/1.3.0-GCCcore-13.3.0
OpenMPI/5.0.3-GCC-13.3.0
OpenBLAS/0.3.27-GCC-13.3.0
MAIN_emission_eq-chem-ER_planet_phases_rev_dTspot--1100.0_spot_size-0.2_long-0.0_vsini-20.0_crires_1890.0-2560.0-nm
Done, exiting without Kp-Vsys calculation...
